Archive member included to satisfy reference by file (symbol)

../../../../../libopencm3//lib/libopencm3_stm32f1.a(gpio.o)
                              cdcacm.o (gpio_set_mode)
../../../../../libopencm3//lib/libopencm3_stm32f1.a(rcc.o)
                              cdcacm.o (rcc_clock_setup_in_hse_8mhz_out_72mhz)
../../../../../libopencm3//lib/libopencm3_stm32f1.a(gpio_common_all.o)
                              cdcacm.o (gpio_set)
../../../../../libopencm3//lib/libopencm3_stm32f1.a(rcc_common_all.o)
                              cdcacm.o (rcc_periph_clock_enable)
../../../../../libopencm3//lib/libopencm3_stm32f1.a(flash_common_all.o)
                              ../../../../../libopencm3//lib/libopencm3_stm32f1.a(rcc.o) (flash_set_ws)
../../../../../libopencm3//lib/libopencm3_stm32f1.a(usb.o)
                              cdcacm.o (usbd_init)
../../../../../libopencm3//lib/libopencm3_stm32f1.a(usb_control.o)
                              cdcacm.o (usbd_register_control_callback)
../../../../../libopencm3//lib/libopencm3_stm32f1.a(usb_standard.o)
                              cdcacm.o (usbd_register_set_config_callback)
../../../../../libopencm3//lib/libopencm3_stm32f1.a(st_usbfs_v1.o)
                              cdcacm.o (st_usbfs_v1_usb_driver)
../../../../../libopencm3//lib/libopencm3_stm32f1.a(vector.o)
                              (reset_handler)
../../../../../libopencm3//lib/libopencm3_stm32f1.a(assert.o)
                              ../../../../../libopencm3//lib/libopencm3_stm32f1.a(rcc.o) (cm3_assert_failed)
../../../../../libopencm3//lib/libopencm3_stm32f1.a(st_usbfs_core.o)
                              ../../../../../libopencm3//lib/libopencm3_stm32f1.a(st_usbfs_v1.o) (st_usbfs_set_address)
/home/logic/_workspace/STM32Toolchain/gcc-arm-none-eabi-7-2018-q2-update/bin/../lib/gcc/arm-none-eabi/7.3.1/../../../../arm-none-eabi/lib/thumb/v7-m/libc.a(lib_a-memcpy.o)
                              ../../../../../libopencm3//lib/libopencm3_stm32f1.a(usb_standard.o) (memcpy)
/home/logic/_workspace/STM32Toolchain/gcc-arm-none-eabi-7-2018-q2-update/bin/../lib/gcc/arm-none-eabi/7.3.1/../../../../arm-none-eabi/lib/thumb/v7-m/libc.a(lib_a-strlen-stub.o)
                              ../../../../../libopencm3//lib/libopencm3_stm32f1.a(usb_standard.o) (strlen)

Discarded input sections

 .group         0x0000000000000000        0xc cdcacm.o
 .group         0x0000000000000000        0xc cdcacm.o
 .group         0x0000000000000000        0xc cdcacm.o
 .group         0x0000000000000000        0xc cdcacm.o
 .group         0x0000000000000000        0xc cdcacm.o
 .group         0x0000000000000000        0xc cdcacm.o
 .group         0x0000000000000000        0xc cdcacm.o
 .group         0x0000000000000000        0xc cdcacm.o
 .group         0x0000000000000000        0xc cdcacm.o
 .group         0x0000000000000000        0xc cdcacm.o
 .group         0x0000000000000000        0xc cdcacm.o
 .group         0x0000000000000000        0xc cdcacm.o
 .group         0x0000000000000000        0xc cdcacm.o
 .group         0x0000000000000000        0xc cdcacm.o
 .group         0x0000000000000000        0xc cdcacm.o
 .group         0x0000000000000000        0xc cdcacm.o
 .group         0x0000000000000000        0xc cdcacm.o
 .group         0x0000000000000000        0xc cdcacm.o
 .group         0x0000000000000000        0xc cdcacm.o
 .group         0x0000000000000000        0xc cdcacm.o
 .group         0x0000000000000000        0xc cdcacm.o
 .group         0x0000000000000000        0xc cdcacm.o
 .group         0x0000000000000000        0xc cdcacm.o
 .group         0x0000000000000000        0xc cdcacm.o
 .group         0x0000000000000000        0xc cdcacm.o
 .group         0x0000000000000000        0xc cdcacm.o
 .group         0x0000000000000000        0xc cdcacm.o
 .group         0x0000000000000000        0xc cdcacm.o
 .group         0x0000000000000000        0xc cdcacm.o
 .group         0x0000000000000000        0xc cdcacm.o
 .group         0x0000000000000000        0xc cdcacm.o
 .group         0x0000000000000000        0xc cdcacm.o
 .text          0x0000000000000000        0x0 cdcacm.o
 .data          0x0000000000000000        0x0 cdcacm.o
 .bss           0x0000000000000000        0x0 cdcacm.o
 .group         0x0000000000000000        0xc ../../../../../libopencm3//lib/libopencm3_stm32f1.a(gpio.o)
 .group         0x0000000000000000        0xc ../../../../../libopencm3//lib/libopencm3_stm32f1.a(gpio.o)
 .group         0x0000000000000000        0xc ../../../../../libopencm3//lib/libopencm3_stm32f1.a(gpio.o)
 .group         0x0000000000000000        0xc ../../../../../libopencm3//lib/libopencm3_stm32f1.a(gpio.o)
 .group         0x0000000000000000        0xc ../../../../../libopencm3//lib/libopencm3_stm32f1.a(gpio.o)
 .group         0x0000000000000000        0xc ../../../../../libopencm3//lib/libopencm3_stm32f1.a(gpio.o)
 .group         0x0000000000000000        0xc ../../../../../libopencm3//lib/libopencm3_stm32f1.a(gpio.o)
[...]
Memory Configuration

Name             Origin             Length             Attributes
rom              0x0000000008000000 0x0000000000020000 xr
ram              0x0000000020000000 0x0000000000005000 xrw
*default*        0x0000000000000000 0xffffffffffffffff

Linker script and memory map

LOAD cdcacm.o
LOAD ../../../../../libopencm3//lib/libopencm3_stm32f1.a
START GROUP
LOAD /home/logic/_workspace/STM32Toolchain/gcc-arm-none-eabi-7-2018-q2-update/bin/../lib/gcc/arm-none-eabi/7.3.1/../../../../arm-none-eabi/lib/thumb/v7-m/libc.a
LOAD /home/logic/_workspace/STM32Toolchain/gcc-arm-none-eabi-7-2018-q2-update/bin/../lib/gcc/arm-none-eabi/7.3.1/thumb/v7-m/libgcc.a
LOAD /home/logic/_workspace/STM32Toolchain/gcc-arm-none-eabi-7-2018-q2-update/bin/../lib/gcc/arm-none-eabi/7.3.1/../../../../arm-none-eabi/lib/thumb/v7-m/libnosys.a
END GROUP
START GROUP
LOAD /home/logic/_workspace/STM32Toolchain/gcc-arm-none-eabi-7-2018-q2-update/bin/../lib/gcc/arm-none-eabi/7.3.1/thumb/v7-m/libgcc.a
LOAD /home/logic/_workspace/STM32Toolchain/gcc-arm-none-eabi-7-2018-q2-update/bin/../lib/gcc/arm-none-eabi/7.3.1/../../../../arm-none-eabi/lib/thumb/v7-m/libg.a
LOAD /home/logic/_workspace/STM32Toolchain/gcc-arm-none-eabi-7-2018-q2-update/bin/../lib/gcc/arm-none-eabi/7.3.1/../../../../arm-none-eabi/lib/thumb/v7-m/libc.a
END GROUP

.text           0x0000000008000000     0x167c
 *(.vectors)
 .vectors       0x0000000008000000      0x150 ../../../../../libopencm3//lib/libopencm3_stm32f1.a(vector.o)
                0x0000000008000000                vector_table
 *(.text*)
 .text.cdcacm_control_request
                0x0000000008000150       0x1c cdcacm.o
 .text.cdcacm_set_config
                0x000000000800016c       0x4c cdcacm.o
 .text.cdcacm_data_rx_cb
                0x00000000080001b8       0x22 cdcacm.o
 *fill*         0x00000000080001da        0x2 
 .text.startup.main
                0x00000000080001dc       0xb8 cdcacm.o
                0x00000000080001dc                main
 .text.gpio_set_mode
                0x0000000008000294       0x62 ../../../../../libopencm3//lib/libopencm3_stm32f1.a(gpio.o)
                0x0000000008000294                gpio_set_mode
 *fill*         0x00000000080002f6        0x2 
 .text.rcc_osc_on.part.1
                0x00000000080002f8       0x10 ../../../../../libopencm3//lib/libopencm3_stm32f1.a(rcc.o)
 .text.rcc_is_osc_ready
                0x0000000008000308       0x5c ../../../../../libopencm3//lib/libopencm3_stm32f1.a(rcc.o)
                0x0000000008000308                rcc_is_osc_ready
 .text.rcc_wait_for_osc_ready
                0x0000000008000364       0x10 ../../../../../libopencm3//lib/libopencm3_stm32f1.a(rcc.o)
                0x0000000008000364                rcc_wait_for_osc_ready
 .text.rcc_osc_on
                0x0000000008000374       0x54 ../../../../../libopencm3//lib/libopencm3_stm32f1.a(rcc.o)
                0x0000000008000374                rcc_osc_on
 .text.rcc_set_sysclk_source
                0x00000000080003c8       0x14 ../../../../../libopencm3//lib/libopencm3_stm32f1.a(rcc.o)
                0x00000000080003c8                rcc_set_sysclk_source
 .text.rcc_set_pll_multiplication_factor
                0x00000000080003dc       0x14 ../../../../../libopencm3//lib/libopencm3_stm32f1.a(rcc.o)
                0x00000000080003dc                rcc_set_pll_multiplication_factor
 .text.rcc_set_pll_source
                0x00000000080003f0       0x14 ../../../../../libopencm3//lib/libopencm3_stm32f1.a(rcc.o)
                0x00000000080003f0                rcc_set_pll_source
 .text.rcc_set_pllxtpre
                0x0000000008000404       0x14 ../../../../../libopencm3//lib/libopencm3_stm32f1.a(rcc.o)
                0x0000000008000404                rcc_set_pllxtpre
 .text.rcc_set_adcpre
                0x0000000008000418       0x14 ../../../../../libopencm3//lib/libopencm3_stm32f1.a(rcc.o)
                0x0000000008000418                rcc_set_adcpre
 .text.rcc_set_ppre2
                0x000000000800042c       0x14 ../../../../../libopencm3//lib/libopencm3_stm32f1.a(rcc.o)
                0x000000000800042c                rcc_set_ppre2
 .text.rcc_set_ppre1
                0x0000000008000440       0x14 ../../../../../libopencm3//lib/libopencm3_stm32f1.a(rcc.o)
                0x0000000008000440                rcc_set_ppre1
 .text.rcc_set_hpre
                0x0000000008000454       0x14 ../../../../../libopencm3//lib/libopencm3_stm32f1.a(rcc.o)
                0x0000000008000454                rcc_set_hpre
 .text.rcc_clock_setup_in_hse_8mhz_out_72mhz
                0x0000000008000468       0x8c ../../../../../libopencm3//lib/libopencm3_stm32f1.a(rcc.o)
                0x0000000008000468                rcc_clock_setup_in_hse_8mhz_out_72mhz
 .text.gpio_set
                0x00000000080004f4        0x4 ../../../../../libopencm3//lib/libopencm3_stm32f1.a(gpio_common_all.o)
                0x00000000080004f4                gpio_set
 .text.gpio_clear
                0x00000000080004f8        0x6 ../../../../../libopencm3//lib/libopencm3_stm32f1.a(gpio_common_all.o)
                0x00000000080004f8                gpio_clear
 .text.gpio_toggle
                0x00000000080004fe       0x12 ../../../../../libopencm3//lib/libopencm3_stm32f1.a(gpio_common_all.o)
                0x00000000080004fe                gpio_toggle
 .text.rcc_periph_clock_enable
                0x0000000008000510       0x1a ../../../../../libopencm3//lib/libopencm3_stm32f1.a(rcc_common_all.o)
                0x0000000008000510                rcc_periph_clock_enable
 *fill*         0x000000000800052a        0x2 
 .text.flash_set_ws
                0x000000000800052c       0x14 ../../../../../libopencm3//lib/libopencm3_stm32f1.a(flash_common_all.o)
                0x000000000800052c                flash_set_ws
 .text.usbd_init
                0x0000000008000540       0x50 ../../../../../libopencm3//lib/libopencm3_stm32f1.a(usb.o)
                0x0000000008000540                usbd_init
 .text.usbd_poll
                0x0000000008000590        0x8 ../../../../../libopencm3//lib/libopencm3_stm32f1.a(usb.o)
                0x0000000008000590                usbd_poll
 .text.usbd_ep_setup
                0x0000000008000598        0xe ../../../../../libopencm3//lib/libopencm3_stm32f1.a(usb.o)
                0x0000000008000598                usbd_ep_setup
 .text._usbd_reset
                0x00000000080005a6       0x32 ../../../../../libopencm3//lib/libopencm3_stm32f1.a(usb.o)
                0x00000000080005a6                _usbd_reset
 .text.usbd_ep_write_packet
                0x00000000080005d8        0xe ../../../../../libopencm3//lib/libopencm3_stm32f1.a(usb.o)
                0x00000000080005d8                usbd_ep_write_packet
 .text.usbd_ep_read_packet
                0x00000000080005e6        0xe ../../../../../libopencm3//lib/libopencm3_stm32f1.a(usb.o)
                0x00000000080005e6                usbd_ep_read_packet
 .text.usbd_ep_stall_set
                0x00000000080005f4        0x8 ../../../../../libopencm3//lib/libopencm3_stm32f1.a(usb.o)
                0x00000000080005f4                usbd_ep_stall_set
 .text.usbd_ep_stall_get
                0x00000000080005fc        0x8 ../../../../../libopencm3//lib/libopencm3_stm32f1.a(usb.o)
                0x00000000080005fc                usbd_ep_stall_get
 .text.usbd_ep_nak_set
                0x0000000008000604        0x8 ../../../../../libopencm3//lib/libopencm3_stm32f1.a(usb.o)
                0x0000000008000604                usbd_ep_nak_set
 .text.usb_control_send_chunk
                0x000000000800060c       0x52 ../../../../../libopencm3//lib/libopencm3_stm32f1.a(usb_control.o)
 .text.usb_control_request_dispatch
                0x000000000800065e       0x62 ../../../../../libopencm3//lib/libopencm3_stm32f1.a(usb_control.o)
 .text.stall_transaction
                0x00000000080006c0       0x14 ../../../../../libopencm3//lib/libopencm3_stm32f1.a(usb_control.o)
 .text.usb_control_recv_chunk
                0x00000000080006d4       0x3c ../../../../../libopencm3//lib/libopencm3_stm32f1.a(usb_control.o)
 .text.usb_control_setup_read
                0x0000000008000710       0x6a ../../../../../libopencm3//lib/libopencm3_stm32f1.a(usb_control.o)
 .text.usbd_register_control_callback
                0x000000000800077a       0x26 ../../../../../libopencm3//lib/libopencm3_stm32f1.a(usb_control.o)
                0x000000000800077a                usbd_register_control_callback
 .text._usbd_control_setup
                0x00000000080007a0       0x60 ../../../../../libopencm3//lib/libopencm3_stm32f1.a(usb_control.o)
                0x00000000080007a0                _usbd_control_setup
 .text._usbd_control_out
                0x0000000008000800       0x82 ../../../../../libopencm3//lib/libopencm3_stm32f1.a(usb_control.o)
                0x0000000008000800                _usbd_control_out
 .text._usbd_control_in
                0x0000000008000882       0x64 ../../../../../libopencm3//lib/libopencm3_stm32f1.a(usb_control.o)
                0x0000000008000882                _usbd_control_in
 .text.usb_standard_set_configuration
                0x00000000080008e6       0x92 ../../../../../libopencm3//lib/libopencm3_stm32f1.a(usb_standard.o)
 .text.usb_standard_get_configuration
                0x0000000008000978       0x22 ../../../../../libopencm3//lib/libopencm3_stm32f1.a(usb_standard.o)
 .text.usb_standard_get_interface
                0x000000000800099a       0x34 ../../../../../libopencm3//lib/libopencm3_stm32f1.a(usb_standard.o)
 .text.usb_standard_device_get_status
                0x00000000080009ce       0x18 ../../../../../libopencm3//lib/libopencm3_stm32f1.a(usb_standard.o)
 .text.usb_standard_endpoint_get_status
                0x00000000080009e6       0x2a ../../../../../libopencm3//lib/libopencm3_stm32f1.a(usb_standard.o)
 .text.usb_standard_endpoint_stall
                0x0000000008000a10       0x10 ../../../../../libopencm3//lib/libopencm3_stm32f1.a(usb_standard.o)
 .text.usb_standard_endpoint_unstall
                0x0000000008000a20       0x10 ../../../../../libopencm3//lib/libopencm3_stm32f1.a(usb_standard.o)
 .text.usb_standard_set_address
                0x0000000008000a30       0x28 ../../../../../libopencm3//lib/libopencm3_stm32f1.a(usb_standard.o)
 .text.usb_standard_set_interface
                0x0000000008000a58       0x4e ../../../../../libopencm3//lib/libopencm3_stm32f1.a(usb_standard.o)
 .text.usb_standard_get_descriptor
                0x0000000008000aa6      0x256 ../../../../../libopencm3//lib/libopencm3_stm32f1.a(usb_standard.o)
 .text.usb_standard_interface_get_status
                0x0000000008000cfc       0x18 ../../../../../libopencm3//lib/libopencm3_stm32f1.a(usb_standard.o)
 .text.usbd_register_set_config_callback
                0x0000000008000d14       0x28 ../../../../../libopencm3//lib/libopencm3_stm32f1.a(usb_standard.o)
                0x0000000008000d14                usbd_register_set_config_callback
 .text._usbd_standard_request_device
                0x0000000008000d3c       0x48 ../../../../../libopencm3//lib/libopencm3_stm32f1.a(usb_standard.o)
                0x0000000008000d3c                _usbd_standard_request_device
 .text._usbd_standard_request_interface
                0x0000000008000d84       0x30 ../../../../../libopencm3//lib/libopencm3_stm32f1.a(usb_standard.o)
                0x0000000008000d84                _usbd_standard_request_interface
 .text._usbd_standard_request_endpoint
                0x0000000008000db4       0x3c ../../../../../libopencm3//lib/libopencm3_stm32f1.a(usb_standard.o)
                0x0000000008000db4                _usbd_standard_request_endpoint
 .text._usbd_standard_request
                0x0000000008000df0       0x30 ../../../../../libopencm3//lib/libopencm3_stm32f1.a(usb_standard.o)
                0x0000000008000df0                _usbd_standard_request
 .text.st_usbfs_v1_usbd_init
                0x0000000008000e20       0x30 ../../../../../libopencm3//lib/libopencm3_stm32f1.a(st_usbfs_v1.o)
 .text.st_usbfs_copy_to_pm
                0x0000000008000e50       0x1c ../../../../../libopencm3//lib/libopencm3_stm32f1.a(st_usbfs_v1.o)
                0x0000000008000e50                st_usbfs_copy_to_pm
 .text.st_usbfs_copy_from_pm
                0x0000000008000e6c       0x2a ../../../../../libopencm3//lib/libopencm3_stm32f1.a(st_usbfs_v1.o)
                0x0000000008000e6c                st_usbfs_copy_from_pm
 .text.blocking_handler
                0x0000000008000e96        0x2 ../../../../../libopencm3//lib/libopencm3_stm32f1.a(vector.o)
                0x0000000008000e96                usart3_isr
                0x0000000008000e96                rtc_isr
                0x0000000008000e96                tim7_isr
                0x0000000008000e96                adc1_2_isr
                0x0000000008000e96                tim1_trg_com_isr
                0x0000000008000e96                usb_hp_can_tx_isr
                0x0000000008000e96                tim6_isr
                0x0000000008000e96                usb_wakeup_isr
                0x0000000008000e96                blocking_handler
                0x0000000008000e96                tim5_isr
                0x0000000008000e96                otg_fs_isr
                0x0000000008000e96                spi1_isr
                0x0000000008000e96                exti2_isr
                0x0000000008000e96                dma1_channel6_isr
                0x0000000008000e96                can_rx1_isr
                0x0000000008000e96                dma1_channel5_isr
                0x0000000008000e96                dma2_channel5_isr
                0x0000000008000e96                usart1_isr
                0x0000000008000e96                usage_fault_handler
                0x0000000008000e96                tim8_trg_com_isr
                0x0000000008000e96                can2_rx0_isr
                0x0000000008000e96                tim1_brk_isr
                0x0000000008000e96                can2_rx1_isr
                0x0000000008000e96                tim1_cc_isr
                0x0000000008000e96                sdio_isr
                0x0000000008000e96                eth_isr
                0x0000000008000e96                dma1_channel4_isr
                0x0000000008000e96                tim8_brk_isr
                0x0000000008000e96                dma2_channel4_5_isr
                0x0000000008000e96                pvd_isr
                0x0000000008000e96                rcc_isr
                0x0000000008000e96                flash_isr
                0x0000000008000e96                uart4_isr
                0x0000000008000e96                rtc_alarm_isr
                0x0000000008000e96                exti15_10_isr
                0x0000000008000e96                hard_fault_handler
                0x0000000008000e96                exti1_isr
                0x0000000008000e96                i2c1_ev_isr
                0x0000000008000e96                dma2_channel1_isr
                0x0000000008000e96                spi2_isr
                0x0000000008000e96                tim8_up_isr
                0x0000000008000e96                dma2_channel2_isr
                0x0000000008000e96                exti3_isr
                0x0000000008000e96                adc3_isr
                0x0000000008000e96                tim3_isr
                0x0000000008000e96                usart2_isr
                0x0000000008000e96                usb_lp_can_rx0_isr
                0x0000000008000e96                i2c2_er_isr
                0x0000000008000e96                i2c2_ev_isr
                0x0000000008000e96                uart5_isr
                0x0000000008000e96                fsmc_isr
                0x0000000008000e96                dma1_channel1_isr
                0x0000000008000e96                exti4_isr
                0x0000000008000e96                mem_manage_handler
                0x0000000008000e96                can2_tx_isr
                0x0000000008000e96                exti9_5_isr
                0x0000000008000e96                dma2_channel3_isr
                0x0000000008000e96                dma1_channel7_isr
                0x0000000008000e96                tim1_up_isr
                0x0000000008000e96                can2_sce_isr
                0x0000000008000e96                tim4_isr
                0x0000000008000e96                dma1_channel2_isr
                0x0000000008000e96                i2c1_er_isr
                0x0000000008000e96                can_sce_isr
                0x0000000008000e96                tim8_cc_isr
                0x0000000008000e96                tamper_isr
                0x0000000008000e96                eth_wkup_isr
                0x0000000008000e96                bus_fault_handler
                0x0000000008000e96                wwdg_isr
                0x0000000008000e96                dma1_channel3_isr
                0x0000000008000e96                spi3_isr
                0x0000000008000e96                tim2_isr
                0x0000000008000e96                exti0_isr
 .text.null_handler
                0x0000000008000e98        0x2 ../../../../../libopencm3//lib/libopencm3_stm32f1.a(vector.o)
                0x0000000008000e98                null_handler
                0x0000000008000e98                sv_call_handler
                0x0000000008000e98                pend_sv_handler
                0x0000000008000e98                debug_monitor_handler
                0x0000000008000e98                sys_tick_handler
                0x0000000008000e98                nmi_handler
 *fill*         0x0000000008000e9a        0x2 
 .text.reset_handler
                0x0000000008000e9c       0x94 ../../../../../libopencm3//lib/libopencm3_stm32f1.a(vector.o)
                0x0000000008000e9c                reset_handler
 .text.st_usbfs_set_address
                0x0000000008000f30       0x10 ../../../../../libopencm3//lib/libopencm3_stm32f1.a(st_usbfs_core.o)
                0x0000000008000f30                st_usbfs_set_address
 .text.st_usbfs_set_ep_rx_bufsize
                0x0000000008000f40       0x3c ../../../../../libopencm3//lib/libopencm3_stm32f1.a(st_usbfs_core.o)
                0x0000000008000f40                st_usbfs_set_ep_rx_bufsize
 .text.st_usbfs_ep_setup
                0x0000000008000f7c      0x11c ../../../../../libopencm3//lib/libopencm3_stm32f1.a(st_usbfs_core.o)
                0x0000000008000f7c                st_usbfs_ep_setup
 .text.st_usbfs_endpoints_reset
                0x0000000008001098       0x44 ../../../../../libopencm3//lib/libopencm3_stm32f1.a(st_usbfs_core.o)
                0x0000000008001098                st_usbfs_endpoints_reset
 .text.st_usbfs_ep_stall_set
                0x00000000080010dc       0xbc ../../../../../libopencm3//lib/libopencm3_stm32f1.a(st_usbfs_core.o)
                0x00000000080010dc                st_usbfs_ep_stall_set
 .text.st_usbfs_ep_stall_get
                0x0000000008001198       0x38 ../../../../../libopencm3//lib/libopencm3_stm32f1.a(st_usbfs_core.o)
                0x0000000008001198                st_usbfs_ep_stall_get
 .text.st_usbfs_ep_nak_set
                0x00000000080011d0       0x3c ../../../../../libopencm3//lib/libopencm3_stm32f1.a(st_usbfs_core.o)
                0x00000000080011d0                st_usbfs_ep_nak_set
 .text.st_usbfs_ep_write_packet
                0x000000000800120c       0x7c ../../../../../libopencm3//lib/libopencm3_stm32f1.a(st_usbfs_core.o)
                0x000000000800120c                st_usbfs_ep_write_packet
 .text.st_usbfs_ep_read_packet
                0x0000000008001288       0xa8 ../../../../../libopencm3//lib/libopencm3_stm32f1.a(st_usbfs_core.o)
                0x0000000008001288                st_usbfs_ep_read_packet
 .text.st_usbfs_poll
                0x0000000008001330       0xe8 ../../../../../libopencm3//lib/libopencm3_stm32f1.a(st_usbfs_core.o)
                0x0000000008001330                st_usbfs_poll
 .text          0x0000000008001418       0xec /home/logic/_workspace/STM32Toolchain/gcc-arm-none-eabi-7-2018-q2-update/bin/../lib/gcc/arm-none-eabi/7.3.1/../../../../arm-none-eabi/lib/thumb/v7-m/libc.a(lib_a-memcpy.o)
                0x0000000008001418                memcpy
 .text.strlen   0x0000000008001504       0x5c /home/logic/_workspace/STM32Toolchain/gcc-arm-none-eabi-7-2018-q2-update/bin/../lib/gcc/arm-none-eabi/7.3.1/../../../../arm-none-eabi/lib/thumb/v7-m/libc.a(lib_a-strlen-stub.o)
                0x0000000008001504                strlen
                0x0000000008001560                . = ALIGN (0x4)
 *(.rodata*)
 .rodata.cdcacm_functional_descriptors
                0x0000000008001560       0x13 cdcacm.o
 .rodata.comm_endp
                0x0000000008001573        0xf cdcacm.o
 .rodata.comm_iface
                0x0000000008001582       0x15 cdcacm.o
 .rodata.config
                0x0000000008001597        0xd cdcacm.o
 .rodata.data_endp
                0x00000000080015a4       0x1e cdcacm.o
 .rodata.data_iface
                0x00000000080015c2       0x15 cdcacm.o
 .rodata.dev    0x00000000080015d7       0x12 cdcacm.o
 *fill*         0x00000000080015e9        0x3 
 .rodata.ifaces
                0x00000000080015ec       0x20 cdcacm.o
 .rodata.main.str1.1
                0x000000000800160c        0xd cdcacm.o
 .rodata.str1.1
                0x0000000008001619       0x2c cdcacm.o
 *fill*         0x0000000008001645        0x3 
 .rodata.st_usbfs_v1_usb_driver
                0x0000000008001648       0x34 ../../../../../libopencm3//lib/libopencm3_stm32f1.a(st_usbfs_v1.o)
                0x0000000008001648                st_usbfs_v1_usb_driver
                0x000000000800167c                . = ALIGN (0x4)

.glue_7         0x000000000800167c        0x0
 .glue_7        0x000000000800167c        0x0 linker stubs

.glue_7t        0x000000000800167c        0x0
 .glue_7t       0x000000000800167c        0x0 linker stubs

.vfp11_veneer   0x000000000800167c        0x0
 .vfp11_veneer  0x000000000800167c        0x0 linker stubs

.v4_bx          0x000000000800167c        0x0
 .v4_bx         0x000000000800167c        0x0 linker stubs

.iplt           0x000000000800167c        0x0
 .iplt          0x000000000800167c        0x0 cdcacm.o

.rel.dyn        0x000000000800167c        0x0
 .rel.iplt      0x000000000800167c        0x0 cdcacm.o

.preinit_array  0x000000000800167c        0x0
                0x000000000800167c                . = ALIGN (0x4)
                0x000000000800167c                __preinit_array_start = .
 *(.preinit_array)
                0x000000000800167c                __preinit_array_end = .

.init_array     0x000000000800167c        0x0
                0x000000000800167c                . = ALIGN (0x4)
                0x000000000800167c                __init_array_start = .
 *(SORT_BY_NAME(.init_array.*))
 *(.init_array)
                0x000000000800167c                __init_array_end = .

.fini_array     0x000000000800167c        0x0
                0x000000000800167c                . = ALIGN (0x4)
                0x000000000800167c                __fini_array_start = .
 *(.fini_array)
 *(SORT_BY_NAME(.fini_array.*))
                0x000000000800167c                __fini_array_end = .

.ARM.extab
 *(.ARM.extab*)

.ARM.exidx      0x000000000800167c        0x0
                0x000000000800167c                __exidx_start = .
 *(.ARM.exidx*)
                0x000000000800167c                __exidx_end = .
                0x000000000800167c                . = ALIGN (0x4)
                0x000000000800167c                _etext = .

.data           0x0000000020000000       0x18 load address 0x000000000800167c
                0x0000000020000000                _data = .
 *(.data*)
 .data.usb_strings
                0x0000000020000000        0xc cdcacm.o
 .data.rcc_ahb_frequency
                0x000000002000000c        0x4 ../../../../../libopencm3//lib/libopencm3_stm32f1.a(rcc.o)
                0x000000002000000c                rcc_ahb_frequency
 .data.rcc_apb1_frequency
                0x0000000020000010        0x4 ../../../../../libopencm3//lib/libopencm3_stm32f1.a(rcc.o)
                0x0000000020000010                rcc_apb1_frequency
 .data.rcc_apb2_frequency
                0x0000000020000014        0x4 ../../../../../libopencm3//lib/libopencm3_stm32f1.a(rcc.o)
                0x0000000020000014                rcc_apb2_frequency
                0x0000000020000018                . = ALIGN (0x4)
                0x0000000020000018                _edata = .
                0x000000000800167c                _data_loadaddr = LOADADDR (.data)

.igot.plt       0x0000000020000018        0x0 load address 0x0000000008001694
 .igot.plt      0x0000000020000018        0x0 cdcacm.o

.bss            0x0000000020000018      0x188 load address 0x0000000008001694
 *(.bss*)
 .bss.j         0x0000000020000018        0x4 cdcacm.o
                0x0000000020000018                j
 .bss.usbd_control_buffer
                0x000000002000001c       0x80 cdcacm.o
                0x000000002000001c                usbd_control_buffer
 .bss.st_usbfs_dev
                0x000000002000009c       0xfc ../../../../../libopencm3//lib/libopencm3_stm32f1.a(st_usbfs_core.o)
                0x000000002000009c                st_usbfs_dev
 .bss.st_usbfs_force_nak
                0x0000000020000198        0x8 ../../../../../libopencm3//lib/libopencm3_stm32f1.a(st_usbfs_core.o)
                0x0000000020000198                st_usbfs_force_nak
 *(COMMON)
                0x00000000200001a0                . = ALIGN (0x4)
                0x00000000200001a0                _ebss = .

/DISCARD/
 *(.eh_frame)
                0x00000000200001a0                . = ALIGN (0x4)
                0x00000000200001a0                end = .
                0x0000000020005000                PROVIDE (_stack = (ORIGIN (ram) + LENGTH (ram)))
OUTPUT(cdcacm.elf elf32-littlearm)

.debug_info     0x0000000000000000     0x9b19
 .debug_info    0x0000000000000000     0x15e4 cdcacm.o
 .debug_info    0x00000000000015e4      0x1db ../../../../../libopencm3//lib/libopencm3_stm32f1.a(gpio.o)
 .debug_info    0x00000000000017bf     0x1160 ../../../../../libopencm3//lib/libopencm3_stm32f1.a(rcc.o)
 .debug_info    0x000000000000291f      0x22c ../../../../../libopencm3//lib/libopencm3_stm32f1.a(gpio_common_all.o)
 .debug_info    0x0000000000002b4b      0x5f5 ../../../../../libopencm3//lib/libopencm3_stm32f1.a(rcc_common_all.o)
 .debug_info    0x0000000000003140       0xec ../../../../../libopencm3//lib/libopencm3_stm32f1.a(flash_common_all.o)
 .debug_info    0x000000000000322c     0x162d ../../../../../libopencm3//lib/libopencm3_stm32f1.a(usb.o)
 .debug_info    0x0000000000004859     0x177b ../../../../../libopencm3//lib/libopencm3_stm32f1.a(usb_control.o)
 .debug_info    0x0000000000005fd4     0x1cad ../../../../../libopencm3//lib/libopencm3_stm32f1.a(usb_standard.o)
 .debug_info    0x0000000000007c81      0xcd9 ../../../../../libopencm3//lib/libopencm3_stm32f1.a(st_usbfs_v1.o)
 .debug_info    0x000000000000895a      0x2a8 ../../../../../libopencm3//lib/libopencm3_stm32f1.a(vector.o)
 .debug_info    0x0000000000008c02      0xf17 ../../../../../libopencm3//lib/libopencm3_stm32f1.a(st_usbfs_core.o)

.debug_abbrev   0x0000000000000000     0x1b04
 .debug_abbrev  0x0000000000000000      0x364 cdcacm.o
 .debug_abbrev  0x0000000000000364       0xb7 ../../../../../libopencm3//lib/libopencm3_stm32f1.a(gpio.o)
 .debug_abbrev  0x000000000000041b      0x285 ../../../../../libopencm3//lib/libopencm3_stm32f1.a(rcc.o)
 .debug_abbrev  0x00000000000006a0       0xf4 ../../../../../libopencm3//lib/libopencm3_stm32f1.a(gpio_common_all.o)
 .debug_abbrev  0x0000000000000794      0x139 ../../../../../libopencm3//lib/libopencm3_stm32f1.a(rcc_common_all.o)
 .debug_abbrev  0x00000000000008cd       0x8a ../../../../../libopencm3//lib/libopencm3_stm32f1.a(flash_common_all.o)
 .debug_abbrev  0x0000000000000957      0x2e5 ../../../../../libopencm3//lib/libopencm3_stm32f1.a(usb.o)
 .debug_abbrev  0x0000000000000c3c      0x3fb ../../../../../libopencm3//lib/libopencm3_stm32f1.a(usb_control.o)
 .debug_abbrev  0x0000000000001037      0x4e6 ../../../../../libopencm3//lib/libopencm3_stm32f1.a(usb_standard.o)
 .debug_abbrev  0x000000000000151d      0x23f ../../../../../libopencm3//lib/libopencm3_stm32f1.a(st_usbfs_v1.o)
 .debug_abbrev  0x000000000000175c      0x127 ../../../../../libopencm3//lib/libopencm3_stm32f1.a(vector.o)
 .debug_abbrev  0x0000000000001883      0x281 ../../../../../libopencm3//lib/libopencm3_stm32f1.a(st_usbfs_core.o)

.debug_loc      0x0000000000000000     0x3387
 .debug_loc     0x0000000000000000      0x177 cdcacm.o
 .debug_loc     0x0000000000000177      0x48a ../../../../../libopencm3//lib/libopencm3_stm32f1.a(gpio.o)
 .debug_loc     0x0000000000000601      0x480 ../../../../../libopencm3//lib/libopencm3_stm32f1.a(rcc.o)
 .debug_loc     0x0000000000000a81       0x97 ../../../../../libopencm3//lib/libopencm3_stm32f1.a(gpio_common_all.o)
 .debug_loc     0x0000000000000b18      0x108 ../../../../../libopencm3//lib/libopencm3_stm32f1.a(rcc_common_all.o)
 .debug_loc     0x0000000000000c20       0x3f ../../../../../libopencm3//lib/libopencm3_stm32f1.a(flash_common_all.o)
 .debug_loc     0x0000000000000c5f      0x499 ../../../../../libopencm3//lib/libopencm3_stm32f1.a(usb.o)
 .debug_loc     0x00000000000010f8      0x6fe ../../../../../libopencm3//lib/libopencm3_stm32f1.a(usb_control.o)
 .debug_loc     0x00000000000017f6     0x11fd ../../../../../libopencm3//lib/libopencm3_stm32f1.a(usb_standard.o)
 .debug_loc     0x00000000000029f3      0x185 ../../../../../libopencm3//lib/libopencm3_stm32f1.a(st_usbfs_v1.o)
 .debug_loc     0x0000000000002b78       0xea ../../../../../libopencm3//lib/libopencm3_stm32f1.a(vector.o)
 .debug_loc     0x0000000000002c62      0x725 ../../../../../libopencm3//lib/libopencm3_stm32f1.a(st_usbfs_core.o)

.debug_aranges  0x0000000000000000      0x500
 .debug_aranges
                0x0000000000000000       0x38 cdcacm.o
 .debug_aranges
                0x0000000000000038       0x38 ../../../../../libopencm3//lib/libopencm3_stm32f1.a(gpio.o)
 .debug_aranges
                0x0000000000000070      0x158 ../../../../../libopencm3//lib/libopencm3_stm32f1.a(rcc.o)
 .debug_aranges
                0x00000000000001c8       0x50 ../../../../../libopencm3//lib/libopencm3_stm32f1.a(gpio_common_all.o)
 .debug_aranges
                0x0000000000000218       0x68 ../../../../../libopencm3//lib/libopencm3_stm32f1.a(rcc_common_all.o)
 .debug_aranges
                0x0000000000000280       0x38 ../../../../../libopencm3//lib/libopencm3_stm32f1.a(flash_common_all.o)
 .debug_aranges
                0x00000000000002b8       0x88 ../../../../../libopencm3//lib/libopencm3_stm32f1.a(usb.o)
 .debug_aranges
                0x0000000000000340       0x60 ../../../../../libopencm3//lib/libopencm3_stm32f1.a(usb_control.o)
 .debug_aranges
                0x00000000000003a0       0x98 ../../../../../libopencm3//lib/libopencm3_stm32f1.a(usb_standard.o)
 .debug_aranges
                0x0000000000000438       0x30 ../../../../../libopencm3//lib/libopencm3_stm32f1.a(st_usbfs_v1.o)
 .debug_aranges
                0x0000000000000468       0x30 ../../../../../libopencm3//lib/libopencm3_stm32f1.a(vector.o)
 .debug_aranges
                0x0000000000000498       0x68 ../../../../../libopencm3//lib/libopencm3_stm32f1.a(st_usbfs_core.o)

.debug_ranges   0x0000000000000000      0x618
 .debug_ranges  0x0000000000000000       0x40 cdcacm.o
 .debug_ranges  0x0000000000000040       0x28 ../../../../../libopencm3//lib/libopencm3_stm32f1.a(gpio.o)
 .debug_ranges  0x0000000000000068      0x1a8 ../../../../../libopencm3//lib/libopencm3_stm32f1.a(rcc.o)
 .debug_ranges  0x0000000000000210       0x40 ../../../../../libopencm3//lib/libopencm3_stm32f1.a(gpio_common_all.o)
 .debug_ranges  0x0000000000000250       0x58 ../../../../../libopencm3//lib/libopencm3_stm32f1.a(rcc_common_all.o)
 .debug_ranges  0x00000000000002a8       0x28 ../../../../../libopencm3//lib/libopencm3_stm32f1.a(flash_common_all.o)
 .debug_ranges  0x00000000000002d0       0x78 ../../../../../libopencm3//lib/libopencm3_stm32f1.a(usb.o)
 .debug_ranges  0x0000000000000348       0x90 ../../../../../libopencm3//lib/libopencm3_stm32f1.a(usb_control.o)
 .debug_ranges  0x00000000000003d8       0xe0 ../../../../../libopencm3//lib/libopencm3_stm32f1.a(usb_standard.o)
 .debug_ranges  0x00000000000004b8       0x20 ../../../../../libopencm3//lib/libopencm3_stm32f1.a(st_usbfs_v1.o)
 .debug_ranges  0x00000000000004d8       0x20 ../../../../../libopencm3//lib/libopencm3_stm32f1.a(vector.o)
 .debug_ranges  0x00000000000004f8      0x120 ../../../../../libopencm3//lib/libopencm3_stm32f1.a(st_usbfs_core.o)

.debug_macro    0x0000000000000000     0x4d54
 .debug_macro   0x0000000000000000      0x1a6 cdcacm.o
 .debug_macro   0x00000000000001a6      0xa4e cdcacm.o
 .debug_macro   0x0000000000000bf4       0x18 cdcacm.o
 .debug_macro   0x0000000000000c0c       0x22 cdcacm.o
 .debug_macro   0x0000000000000c2e       0x58 cdcacm.o
 .debug_macro   0x0000000000000c86       0x5c cdcacm.o
 .debug_macro   0x0000000000000ce2       0x35 cdcacm.o
 .debug_macro   0x0000000000000d17       0x34 cdcacm.o
 .debug_macro   0x0000000000000d4b       0x16 cdcacm.o
 .debug_macro   0x0000000000000d61      0x10e cdcacm.o
 .debug_macro   0x0000000000000e6f       0x86 cdcacm.o
 .debug_macro   0x0000000000000ef5       0x57 cdcacm.o
 .debug_macro   0x0000000000000f4c       0x58 cdcacm.o
 .debug_macro   0x0000000000000fa4       0x1f cdcacm.o
 .debug_macro   0x0000000000000fc3       0x43 cdcacm.o
 .debug_macro   0x0000000000001006       0x20 cdcacm.o
 .debug_macro   0x0000000000001026      0x18e cdcacm.o
 .debug_macro   0x00000000000011b4      0x353 cdcacm.o
 .debug_macro   0x0000000000001507       0x22 cdcacm.o
 .debug_macro   0x0000000000001529       0x1c cdcacm.o
 .debug_macro   0x0000000000001545       0xef cdcacm.o
 .debug_macro   0x0000000000001634       0x6a cdcacm.o
 .debug_macro   0x000000000000169e      0x1df cdcacm.o
 .debug_macro   0x000000000000187d       0x22 cdcacm.o
 .debug_macro   0x000000000000189f       0xe8 cdcacm.o
 .debug_macro   0x0000000000001987       0x58 cdcacm.o
 .debug_macro   0x00000000000019df      0x1b4 cdcacm.o
 .debug_macro   0x0000000000001b93      0x82c cdcacm.o
 .debug_macro   0x00000000000023bf       0x76 cdcacm.o
 .debug_macro   0x0000000000002435      0xdfd cdcacm.o
 .debug_macro   0x0000000000003232      0x1a2 cdcacm.o
 .debug_macro   0x00000000000033d4       0x10 cdcacm.o
 .debug_macro   0x00000000000033e4       0x65 cdcacm.o
 .debug_macro   0x0000000000003449       0xb8 ../../../../../libopencm3//lib/libopencm3_stm32f1.a(gpio.o)
 .debug_macro   0x0000000000003501       0x56 ../../../../../libopencm3//lib/libopencm3_stm32f1.a(gpio.o)
 .debug_macro   0x0000000000003557       0x51 ../../../../../libopencm3//lib/libopencm3_stm32f1.a(gpio.o)
 .debug_macro   0x00000000000035a8       0xe7 ../../../../../libopencm3//lib/libopencm3_stm32f1.a(rcc.o)
 .debug_macro   0x000000000000368f       0x16 ../../../../../libopencm3//lib/libopencm3_stm32f1.a(rcc.o)
 .debug_macro   0x00000000000036a5       0xee ../../../../../libopencm3//lib/libopencm3_stm32f1.a(rcc.o)
 .debug_macro   0x0000000000003793       0x82 ../../../../../libopencm3//lib/libopencm3_stm32f1.a(rcc.o)
 .debug_macro   0x0000000000003815       0xb8 ../../../../../libopencm3//lib/libopencm3_stm32f1.a(gpio_common_all.o)
 .debug_macro   0x00000000000038cd       0xce ../../../../../libopencm3//lib/libopencm3_stm32f1.a(rcc_common_all.o)
 .debug_macro   0x000000000000399b       0xc0 ../../../../../libopencm3//lib/libopencm3_stm32f1.a(flash_common_all.o)
 .debug_macro   0x0000000000003a5b      0x148 ../../../../../libopencm3//lib/libopencm3_stm32f1.a(usb.o)
 .debug_macro   0x0000000000003ba3      0x16d ../../../../../libopencm3//lib/libopencm3_stm32f1.a(usb.o)
 .debug_macro   0x0000000000003d10       0x10 ../../../../../libopencm3//lib/libopencm3_stm32f1.a(usb.o)
 .debug_macro   0x0000000000003d20       0x35 ../../../../../libopencm3//lib/libopencm3_stm32f1.a(usb.o)
 .debug_macro   0x0000000000003d55      0x19c ../../../../../libopencm3//lib/libopencm3_stm32f1.a(usb.o)
 .debug_macro   0x0000000000003ef1       0x1c ../../../../../libopencm3//lib/libopencm3_stm32f1.a(usb.o)
 .debug_macro   0x0000000000003f0d      0x156 ../../../../../libopencm3//lib/libopencm3_stm32f1.a(usb_control.o)
 .debug_macro   0x0000000000004063      0x148 ../../../../../libopencm3//lib/libopencm3_stm32f1.a(usb_standard.o)
 .debug_macro   0x00000000000041ab      0x10d ../../../../../libopencm3//lib/libopencm3_stm32f1.a(st_usbfs_v1.o)
 .debug_macro   0x00000000000042b8       0x3a ../../../../../libopencm3//lib/libopencm3_stm32f1.a(st_usbfs_v1.o)
 .debug_macro   0x00000000000042f2      0x29e ../../../../../libopencm3//lib/libopencm3_stm32f1.a(st_usbfs_v1.o)
 .debug_macro   0x0000000000004590       0x28 ../../../../../libopencm3//lib/libopencm3_stm32f1.a(st_usbfs_v1.o)
 .debug_macro   0x00000000000045b8       0x10 ../../../../../libopencm3//lib/libopencm3_stm32f1.a(st_usbfs_v1.o)
 .debug_macro   0x00000000000045c8       0xcf ../../../../../libopencm3//lib/libopencm3_stm32f1.a(vector.o)
 .debug_macro   0x0000000000004697      0x3a4 ../../../../../libopencm3//lib/libopencm3_stm32f1.a(vector.o)
 .debug_macro   0x0000000000004a3b       0x6a ../../../../../libopencm3//lib/libopencm3_stm32f1.a(vector.o)
 .debug_macro   0x0000000000004aa5      0x1a2 ../../../../../libopencm3//lib/libopencm3_stm32f1.a(vector.o)
 .debug_macro   0x0000000000004c47      0x10d ../../../../../libopencm3//lib/libopencm3_stm32f1.a(st_usbfs_core.o)

.debug_line     0x0000000000000000     0x3803
 .debug_line    0x0000000000000000      0x4ee cdcacm.o
 .debug_line    0x00000000000004ee      0x388 ../../../../../libopencm3//lib/libopencm3_stm32f1.a(gpio.o)
 .debug_line    0x0000000000000876      0x783 ../../../../../libopencm3//lib/libopencm3_stm32f1.a(rcc.o)
 .debug_line    0x0000000000000ff9      0x3bf ../../../../../libopencm3//lib/libopencm3_stm32f1.a(gpio_common_all.o)
 .debug_line    0x00000000000013b8      0x3f3 ../../../../../libopencm3//lib/libopencm3_stm32f1.a(rcc_common_all.o)
 .debug_line    0x00000000000017ab      0x3b0 ../../../../../libopencm3//lib/libopencm3_stm32f1.a(flash_common_all.o)
 .debug_line    0x0000000000001b5b      0x44d ../../../../../libopencm3//lib/libopencm3_stm32f1.a(usb.o)
 .debug_line    0x0000000000001fa8      0x4ba ../../../../../libopencm3//lib/libopencm3_stm32f1.a(usb_control.o)
 .debug_line    0x0000000000002462      0x60b ../../../../../libopencm3//lib/libopencm3_stm32f1.a(usb_standard.o)
 .debug_line    0x0000000000002a6d      0x452 ../../../../../libopencm3//lib/libopencm3_stm32f1.a(st_usbfs_v1.o)
 .debug_line    0x0000000000002ebf      0x3d6 ../../../../../libopencm3//lib/libopencm3_stm32f1.a(vector.o)
 .debug_line    0x0000000000003295      0x56e ../../../../../libopencm3//lib/libopencm3_stm32f1.a(st_usbfs_core.o)

.debug_str      0x0000000000000000    0x13d58
 .debug_str     0x0000000000000000     0xe79b cdcacm.o
                                       0xea77 (size before relaxing)
 .debug_str     0x000000000000e79b      0x19d ../../../../../libopencm3//lib/libopencm3_stm32f1.a(gpio.o)
                                       0x8464 (size before relaxing)
 .debug_str     0x000000000000e938      0xc8c ../../../../../libopencm3//lib/libopencm3_stm32f1.a(rcc.o)
                                       0x7d6f (size before relaxing)
 .debug_str     0x000000000000f5c4       0x5a ../../../../../libopencm3//lib/libopencm3_stm32f1.a(gpio_common_all.o)
                                       0x8458 (size before relaxing)
 .debug_str     0x000000000000f61e      0x35b ../../../../../libopencm3//lib/libopencm3_stm32f1.a(rcc_common_all.o)
                                       0x7685 (size before relaxing)
 .debug_str     0x000000000000f979       0x64 ../../../../../libopencm3//lib/libopencm3_stm32f1.a(flash_common_all.o)
                                       0x5448 (size before relaxing)
 .debug_str     0x000000000000f9dd      0x421 ../../../../../libopencm3//lib/libopencm3_stm32f1.a(usb.o)
                                       0x7f3f (size before relaxing)
 .debug_str     0x000000000000fdfe      0x105 ../../../../../libopencm3//lib/libopencm3_stm32f1.a(usb_control.o)
                                       0x7f8c (size before relaxing)
 .debug_str     0x000000000000ff03      0x2bc ../../../../../libopencm3//lib/libopencm3_stm32f1.a(usb_standard.o)
                                       0x80bf (size before relaxing)
 .debug_str     0x00000000000101bf     0x1594 ../../../../../libopencm3//lib/libopencm3_stm32f1.a(st_usbfs_v1.o)
                                       0x97a4 (size before relaxing)
 .debug_str     0x0000000000011753     0x24ec ../../../../../libopencm3//lib/libopencm3_stm32f1.a(vector.o)
                                       0x65ac (size before relaxing)
 .debug_str     0x0000000000013c3f      0x119 ../../../../../libopencm3//lib/libopencm3_stm32f1.a(st_usbfs_core.o)
                                       0x96c0 (size before relaxing)

.comment        0x0000000000000000       0x7f
 .comment       0x0000000000000000       0x7f cdcacm.o
                                         0x80 (size before relaxing)
 .comment       0x000000000000007f       0x80 ../../../../../libopencm3//lib/libopencm3_stm32f1.a(gpio.o)
 .comment       0x000000000000007f       0x80 ../../../../../libopencm3//lib/libopencm3_stm32f1.a(rcc.o)
 .comment       0x000000000000007f       0x80 ../../../../../libopencm3//lib/libopencm3_stm32f1.a(gpio_common_all.o)
 .comment       0x000000000000007f       0x80 ../../../../../libopencm3//lib/libopencm3_stm32f1.a(rcc_common_all.o)
 .comment       0x000000000000007f       0x80 ../../../../../libopencm3//lib/libopencm3_stm32f1.a(flash_common_all.o)
 .comment       0x000000000000007f       0x80 ../../../../../libopencm3//lib/libopencm3_stm32f1.a(usb.o)
 .comment       0x000000000000007f       0x80 ../../../../../libopencm3//lib/libopencm3_stm32f1.a(usb_control.o)
 .comment       0x000000000000007f       0x80 ../../../../../libopencm3//lib/libopencm3_stm32f1.a(usb_standard.o)
 .comment       0x000000000000007f       0x80 ../../../../../libopencm3//lib/libopencm3_stm32f1.a(st_usbfs_v1.o)
 .comment       0x000000000000007f       0x80 ../../../../../libopencm3//lib/libopencm3_stm32f1.a(vector.o)
 .comment       0x000000000000007f       0x80 ../../../../../libopencm3//lib/libopencm3_stm32f1.a(st_usbfs_core.o)

.ARM.attributes
                0x0000000000000000       0x31
 .ARM.attributes
                0x0000000000000000       0x33 cdcacm.o
 .ARM.attributes
                0x0000000000000033       0x33 ../../../../../libopencm3//lib/libopencm3_stm32f1.a(gpio.o)
 .ARM.attributes
                0x0000000000000066       0x33 ../../../../../libopencm3//lib/libopencm3_stm32f1.a(rcc.o)
 .ARM.attributes
                0x0000000000000099       0x33 ../../../../../libopencm3//lib/libopencm3_stm32f1.a(gpio_common_all.o)
 .ARM.attributes
                0x00000000000000cc       0x33 ../../../../../libopencm3//lib/libopencm3_stm32f1.a(rcc_common_all.o)
 .ARM.attributes
                0x00000000000000ff       0x33 ../../../../../libopencm3//lib/libopencm3_stm32f1.a(flash_common_all.o)
 .ARM.attributes
                0x0000000000000132       0x33 ../../../../../libopencm3//lib/libopencm3_stm32f1.a(usb.o)
 .ARM.attributes
                0x0000000000000165       0x33 ../../../../../libopencm3//lib/libopencm3_stm32f1.a(usb_control.o)
 .ARM.attributes
                0x0000000000000198       0x33 ../../../../../libopencm3//lib/libopencm3_stm32f1.a(usb_standard.o)
 .ARM.attributes
                0x00000000000001cb       0x33 ../../../../../libopencm3//lib/libopencm3_stm32f1.a(st_usbfs_v1.o)
 .ARM.attributes
                0x00000000000001fe       0x33 ../../../../../libopencm3//lib/libopencm3_stm32f1.a(vector.o)
 .ARM.attributes
                0x0000000000000231       0x33 ../../../../../libopencm3//lib/libopencm3_stm32f1.a(st_usbfs_core.o)
 .ARM.attributes
                0x0000000000000264       0x1b /home/logic/_workspace/STM32Toolchain/gcc-arm-none-eabi-7-2018-q2-update/bin/../lib/gcc/arm-none-eabi/7.3.1/../../../../arm-none-eabi/lib/thumb/v7-m/libc.a(lib_a-memcpy.o)
 .ARM.attributes
                0x000000000000027f       0x2d /home/logic/_workspace/STM32Toolchain/gcc-arm-none-eabi-7-2018-q2-update/bin/../lib/gcc/arm-none-eabi/7.3.1/../../../../arm-none-eabi/lib/thumb/v7-m/libc.a(lib_a-strlen-stub.o)

.debug_frame    0x0000000000000000      0xbc4
 .debug_frame   0x0000000000000000       0x84 cdcacm.o
 .debug_frame   0x0000000000000084       0x64 ../../../../../libopencm3//lib/libopencm3_stm32f1.a(gpio.o)
 .debug_frame   0x00000000000000e8      0x2e0 ../../../../../libopencm3//lib/libopencm3_stm32f1.a(rcc.o)
 .debug_frame   0x00000000000003c8       0x80 ../../../../../libopencm3//lib/libopencm3_stm32f1.a(gpio_common_all.o)
 .debug_frame   0x0000000000000448       0xd0 ../../../../../libopencm3//lib/libopencm3_stm32f1.a(rcc_common_all.o)
 .debug_frame   0x0000000000000518       0x50 ../../../../../libopencm3//lib/libopencm3_stm32f1.a(flash_common_all.o)
 .debug_frame   0x0000000000000568      0x13c ../../../../../libopencm3//lib/libopencm3_stm32f1.a(usb.o)
 .debug_frame   0x00000000000006a4      0x164 ../../../../../libopencm3//lib/libopencm3_stm32f1.a(usb_control.o)
 .debug_frame   0x0000000000000808      0x1e4 ../../../../../libopencm3//lib/libopencm3_stm32f1.a(usb_standard.o)
 .debug_frame   0x00000000000009ec       0x58 ../../../../../libopencm3//lib/libopencm3_stm32f1.a(st_usbfs_v1.o)
 .debug_frame   0x0000000000000a44       0x4c ../../../../../libopencm3//lib/libopencm3_stm32f1.a(vector.o)
 .debug_frame   0x0000000000000a90      0x114 ../../../../../libopencm3//lib/libopencm3_stm32f1.a(st_usbfs_core.o)
 .debug_frame   0x0000000000000ba4       0x20 /home/logic/_workspace/STM32Toolchain/gcc-arm-none-eabi-7-2018-q2-update/bin/../lib/gcc/arm-none-eabi/7.3.1/../../../../arm-none-eabi/lib/thumb/v7-m/libc.a(lib_a-strlen-stub.o)

Cross Reference Table

Symbol                                            File
__fini_array_end                                  ../../../../../libopencm3//lib/libopencm3_stm32f1.a(vector.o)
__fini_array_start                                ../../../../../libopencm3//lib/libopencm3_stm32f1.a(vector.o)
__init_array_end                                  ../../../../../libopencm3//lib/libopencm3_stm32f1.a(vector.o)
__init_array_start                                ../../../../../libopencm3//lib/libopencm3_stm32f1.a(vector.o)
__preinit_array_end                               ../../../../../libopencm3//lib/libopencm3_stm32f1.a(vector.o)
__preinit_array_start                             ../../../../../libopencm3//lib/libopencm3_stm32f1.a(vector.o)
_data                                             ../../../../../libopencm3//lib/libopencm3_stm32f1.a(vector.o)
_data_loadaddr                                    ../../../../../libopencm3//lib/libopencm3_stm32f1.a(vector.o)
_ebss                                             ../../../../../libopencm3//lib/libopencm3_stm32f1.a(vector.o)
_edata                                            ../../../../../libopencm3//lib/libopencm3_stm32f1.a(vector.o)
_stack                                            ../../../../../libopencm3//lib/libopencm3_stm32f1.a(vector.o)
_usbd_control_in                                  ../../../../../libopencm3//lib/libopencm3_stm32f1.a(usb_control.o)
                                                  ../../../../../libopencm3//lib/libopencm3_stm32f1.a(usb.o)
_usbd_control_out                                 ../../../../../libopencm3//lib/libopencm3_stm32f1.a(usb_control.o)
                                                  ../../../../../libopencm3//lib/libopencm3_stm32f1.a(usb.o)
_usbd_control_setup                               ../../../../../libopencm3//lib/libopencm3_stm32f1.a(usb_control.o)
                                                  ../../../../../libopencm3//lib/libopencm3_stm32f1.a(usb.o)
_usbd_reset                                       ../../../../../libopencm3//lib/libopencm3_stm32f1.a(usb.o)
                                                  ../../../../../libopencm3//lib/libopencm3_stm32f1.a(st_usbfs_core.o)
_usbd_standard_request                            ../../../../../libopencm3//lib/libopencm3_stm32f1.a(usb_standard.o)
                                                  ../../../../../libopencm3//lib/libopencm3_stm32f1.a(usb_control.o)
_usbd_standard_request_device                     ../../../../../libopencm3//lib/libopencm3_stm32f1.a(usb_standard.o)
_usbd_standard_request_endpoint                   ../../../../../libopencm3//lib/libopencm3_stm32f1.a(usb_standard.o)
_usbd_standard_request_interface                  ../../../../../libopencm3//lib/libopencm3_stm32f1.a(usb_standard.o)
adc1_2_isr                                        ../../../../../libopencm3//lib/libopencm3_stm32f1.a(vector.o)
adc3_isr                                          ../../../../../libopencm3//lib/libopencm3_stm32f1.a(vector.o)
blocking_handler                                  ../../../../../libopencm3//lib/libopencm3_stm32f1.a(vector.o)
bus_fault_handler                                 ../../../../../libopencm3//lib/libopencm3_stm32f1.a(vector.o)
can2_rx0_isr                                      ../../../../../libopencm3//lib/libopencm3_stm32f1.a(vector.o)
can2_rx1_isr                                      ../../../../../libopencm3//lib/libopencm3_stm32f1.a(vector.o)
can2_sce_isr                                      ../../../../../libopencm3//lib/libopencm3_stm32f1.a(vector.o)
can2_tx_isr                                       ../../../../../libopencm3//lib/libopencm3_stm32f1.a(vector.o)
can_rx1_isr                                       ../../../../../libopencm3//lib/libopencm3_stm32f1.a(vector.o)
can_sce_isr                                       ../../../../../libopencm3//lib/libopencm3_stm32f1.a(vector.o)
cm3_assert_failed                                 ../../../../../libopencm3//lib/libopencm3_stm32f1.a(assert.o)
                                                  ../../../../../libopencm3//lib/libopencm3_stm32f1.a(rcc.o)
cm3_assert_failed_verbose                         ../../../../../libopencm3//lib/libopencm3_stm32f1.a(assert.o)
debug_monitor_handler                             ../../../../../libopencm3//lib/libopencm3_stm32f1.a(vector.o)
dma1_channel1_isr                                 ../../../../../libopencm3//lib/libopencm3_stm32f1.a(vector.o)
dma1_channel2_isr                                 ../../../../../libopencm3//lib/libopencm3_stm32f1.a(vector.o)
dma1_channel3_isr                                 ../../../../../libopencm3//lib/libopencm3_stm32f1.a(vector.o)
dma1_channel4_isr                                 ../../../../../libopencm3//lib/libopencm3_stm32f1.a(vector.o)
dma1_channel5_isr                                 ../../../../../libopencm3//lib/libopencm3_stm32f1.a(vector.o)
dma1_channel6_isr                                 ../../../../../libopencm3//lib/libopencm3_stm32f1.a(vector.o)
dma1_channel7_isr                                 ../../../../../libopencm3//lib/libopencm3_stm32f1.a(vector.o)
dma2_channel1_isr                                 ../../../../../libopencm3//lib/libopencm3_stm32f1.a(vector.o)
dma2_channel2_isr                                 ../../../../../libopencm3//lib/libopencm3_stm32f1.a(vector.o)
dma2_channel3_isr                                 ../../../../../libopencm3//lib/libopencm3_stm32f1.a(vector.o)
dma2_channel4_5_isr                               ../../../../../libopencm3//lib/libopencm3_stm32f1.a(vector.o)
dma2_channel5_isr                                 ../../../../../libopencm3//lib/libopencm3_stm32f1.a(vector.o)
eth_isr                                           ../../../../../libopencm3//lib/libopencm3_stm32f1.a(vector.o)
eth_wkup_isr                                      ../../../../../libopencm3//lib/libopencm3_stm32f1.a(vector.o)
exti0_isr                                         ../../../../../libopencm3//lib/libopencm3_stm32f1.a(vector.o)
exti15_10_isr                                     ../../../../../libopencm3//lib/libopencm3_stm32f1.a(vector.o)
exti1_isr                                         ../../../../../libopencm3//lib/libopencm3_stm32f1.a(vector.o)
exti2_isr                                         ../../../../../libopencm3//lib/libopencm3_stm32f1.a(vector.o)
exti3_isr                                         ../../../../../libopencm3//lib/libopencm3_stm32f1.a(vector.o)
exti4_isr                                         ../../../../../libopencm3//lib/libopencm3_stm32f1.a(vector.o)
exti9_5_isr                                       ../../../../../libopencm3//lib/libopencm3_stm32f1.a(vector.o)
flash_isr                                         ../../../../../libopencm3//lib/libopencm3_stm32f1.a(vector.o)
flash_prefetch_disable                            ../../../../../libopencm3//lib/libopencm3_stm32f1.a(flash_common_all.o)
flash_prefetch_enable                             ../../../../../libopencm3//lib/libopencm3_stm32f1.a(flash_common_all.o)
flash_set_ws                                      ../../../../../libopencm3//lib/libopencm3_stm32f1.a(flash_common_all.o)
                                                  ../../../../../libopencm3//lib/libopencm3_stm32f1.a(rcc.o)
flash_unlock_option_bytes                         ../../../../../libopencm3//lib/libopencm3_stm32f1.a(flash_common_all.o)
fsmc_isr                                          ../../../../../libopencm3//lib/libopencm3_stm32f1.a(vector.o)
gpio_clear                                        ../../../../../libopencm3//lib/libopencm3_stm32f1.a(gpio_common_all.o)
                                                  cdcacm.o
gpio_get                                          ../../../../../libopencm3//lib/libopencm3_stm32f1.a(gpio_common_all.o)
gpio_port_config_lock                             ../../../../../libopencm3//lib/libopencm3_stm32f1.a(gpio_common_all.o)
gpio_port_read                                    ../../../../../libopencm3//lib/libopencm3_stm32f1.a(gpio_common_all.o)
gpio_port_write                                   ../../../../../libopencm3//lib/libopencm3_stm32f1.a(gpio_common_all.o)
gpio_primary_remap                                ../../../../../libopencm3//lib/libopencm3_stm32f1.a(gpio.o)
gpio_secondary_remap                              ../../../../../libopencm3//lib/libopencm3_stm32f1.a(gpio.o)
gpio_set                                          ../../../../../libopencm3//lib/libopencm3_stm32f1.a(gpio_common_all.o)
                                                  cdcacm.o
gpio_set_eventout                                 ../../../../../libopencm3//lib/libopencm3_stm32f1.a(gpio.o)
gpio_set_mode                                     ../../../../../libopencm3//lib/libopencm3_stm32f1.a(gpio.o)
                                                  cdcacm.o
gpio_toggle                                       ../../../../../libopencm3//lib/libopencm3_stm32f1.a(gpio_common_all.o)
                                                  cdcacm.o
hard_fault_handler                                ../../../../../libopencm3//lib/libopencm3_stm32f1.a(vector.o)
i2c1_er_isr                                       ../../../../../libopencm3//lib/libopencm3_stm32f1.a(vector.o)
i2c1_ev_isr                                       ../../../../../libopencm3//lib/libopencm3_stm32f1.a(vector.o)
i2c2_er_isr                                       ../../../../../libopencm3//lib/libopencm3_stm32f1.a(vector.o)
i2c2_ev_isr                                       ../../../../../libopencm3//lib/libopencm3_stm32f1.a(vector.o)
j                                                 cdcacm.o
main                                              cdcacm.o
                                                  ../../../../../libopencm3//lib/libopencm3_stm32f1.a(vector.o)
mem_manage_handler                                ../../../../../libopencm3//lib/libopencm3_stm32f1.a(vector.o)
memcpy                                            /home/logic/_workspace/STM32Toolchain/gcc-arm-none-eabi-7-2018-q2-update/bin/../lib/gcc/arm-none-eabi/7.3.1/../../../../arm-none-eabi/lib/thumb/v7-m/libc.a(lib_a-memcpy.o)
                                                  ../../../../../libopencm3//lib/libopencm3_stm32f1.a(usb_standard.o)
nmi_handler                                       ../../../../../libopencm3//lib/libopencm3_stm32f1.a(vector.o)
null_handler                                      ../../../../../libopencm3//lib/libopencm3_stm32f1.a(vector.o)
otg_fs_isr                                        ../../../../../libopencm3//lib/libopencm3_stm32f1.a(vector.o)
pend_sv_handler                                   ../../../../../libopencm3//lib/libopencm3_stm32f1.a(vector.o)
pvd_isr                                           ../../../../../libopencm3//lib/libopencm3_stm32f1.a(vector.o)
rcc_ahb_frequency                                 ../../../../../libopencm3//lib/libopencm3_stm32f1.a(rcc.o)
rcc_apb1_frequency                                ../../../../../libopencm3//lib/libopencm3_stm32f1.a(rcc.o)
rcc_apb2_frequency                                ../../../../../libopencm3//lib/libopencm3_stm32f1.a(rcc.o)
rcc_backupdomain_reset                            ../../../../../libopencm3//lib/libopencm3_stm32f1.a(rcc.o)
rcc_clock_setup_in_hse_12mhz_out_72mhz            ../../../../../libopencm3//lib/libopencm3_stm32f1.a(rcc.o)
rcc_clock_setup_in_hse_16mhz_out_72mhz            ../../../../../libopencm3//lib/libopencm3_stm32f1.a(rcc.o)
rcc_clock_setup_in_hse_25mhz_out_72mhz            ../../../../../libopencm3//lib/libopencm3_stm32f1.a(rcc.o)
rcc_clock_setup_in_hse_8mhz_out_24mhz             ../../../../../libopencm3//lib/libopencm3_stm32f1.a(rcc.o)
rcc_clock_setup_in_hse_8mhz_out_72mhz             ../../../../../libopencm3//lib/libopencm3_stm32f1.a(rcc.o)
                                                  cdcacm.o
rcc_clock_setup_in_hsi_out_24mhz                  ../../../../../libopencm3//lib/libopencm3_stm32f1.a(rcc.o)
rcc_clock_setup_in_hsi_out_48mhz                  ../../../../../libopencm3//lib/libopencm3_stm32f1.a(rcc.o)
rcc_clock_setup_in_hsi_out_64mhz                  ../../../../../libopencm3//lib/libopencm3_stm32f1.a(rcc.o)
rcc_css_disable                                   ../../../../../libopencm3//lib/libopencm3_stm32f1.a(rcc.o)
rcc_css_enable                                    ../../../../../libopencm3//lib/libopencm3_stm32f1.a(rcc.o)
rcc_css_int_clear                                 ../../../../../libopencm3//lib/libopencm3_stm32f1.a(rcc.o)
rcc_css_int_flag                                  ../../../../../libopencm3//lib/libopencm3_stm32f1.a(rcc.o)
rcc_enable_rtc_clock                              ../../../../../libopencm3//lib/libopencm3_stm32f1.a(rcc.o)
rcc_is_osc_ready                                  ../../../../../libopencm3//lib/libopencm3_stm32f1.a(rcc.o)
rcc_isr                                           ../../../../../libopencm3//lib/libopencm3_stm32f1.a(vector.o)
rcc_osc_bypass_disable                            ../../../../../libopencm3//lib/libopencm3_stm32f1.a(rcc_common_all.o)
rcc_osc_bypass_enable                             ../../../../../libopencm3//lib/libopencm3_stm32f1.a(rcc_common_all.o)
rcc_osc_off                                       ../../../../../libopencm3//lib/libopencm3_stm32f1.a(rcc.o)
rcc_osc_on                                        ../../../../../libopencm3//lib/libopencm3_stm32f1.a(rcc.o)
rcc_osc_ready_int_clear                           ../../../../../libopencm3//lib/libopencm3_stm32f1.a(rcc.o)
rcc_osc_ready_int_disable                         ../../../../../libopencm3//lib/libopencm3_stm32f1.a(rcc.o)
rcc_osc_ready_int_enable                          ../../../../../libopencm3//lib/libopencm3_stm32f1.a(rcc.o)
rcc_osc_ready_int_flag                            ../../../../../libopencm3//lib/libopencm3_stm32f1.a(rcc.o)
rcc_periph_clock_disable                          ../../../../../libopencm3//lib/libopencm3_stm32f1.a(rcc_common_all.o)
rcc_periph_clock_enable                           ../../../../../libopencm3//lib/libopencm3_stm32f1.a(rcc_common_all.o)
                                                  ../../../../../libopencm3//lib/libopencm3_stm32f1.a(st_usbfs_v1.o)
                                                  cdcacm.o
rcc_periph_reset_hold                             ../../../../../libopencm3//lib/libopencm3_stm32f1.a(rcc_common_all.o)
rcc_periph_reset_pulse                            ../../../../../libopencm3//lib/libopencm3_stm32f1.a(rcc_common_all.o)
rcc_periph_reset_release                          ../../../../../libopencm3//lib/libopencm3_stm32f1.a(rcc_common_all.o)
rcc_peripheral_clear_reset                        ../../../../../libopencm3//lib/libopencm3_stm32f1.a(rcc_common_all.o)
rcc_peripheral_disable_clock                      ../../../../../libopencm3//lib/libopencm3_stm32f1.a(rcc_common_all.o)
rcc_peripheral_enable_clock                       ../../../../../libopencm3//lib/libopencm3_stm32f1.a(rcc_common_all.o)
rcc_peripheral_reset                              ../../../../../libopencm3//lib/libopencm3_stm32f1.a(rcc_common_all.o)
rcc_rtc_clock_enabled_flag                        ../../../../../libopencm3//lib/libopencm3_stm32f1.a(rcc.o)
rcc_set_adcpre                                    ../../../../../libopencm3//lib/libopencm3_stm32f1.a(rcc.o)
rcc_set_hpre                                      ../../../../../libopencm3//lib/libopencm3_stm32f1.a(rcc.o)
rcc_set_mco                                       ../../../../../libopencm3//lib/libopencm3_stm32f1.a(rcc_common_all.o)
rcc_set_pll2_multiplication_factor                ../../../../../libopencm3//lib/libopencm3_stm32f1.a(rcc.o)
rcc_set_pll3_multiplication_factor                ../../../../../libopencm3//lib/libopencm3_stm32f1.a(rcc.o)
rcc_set_pll_multiplication_factor                 ../../../../../libopencm3//lib/libopencm3_stm32f1.a(rcc.o)
rcc_set_pll_source                                ../../../../../libopencm3//lib/libopencm3_stm32f1.a(rcc.o)
rcc_set_pllxtpre                                  ../../../../../libopencm3//lib/libopencm3_stm32f1.a(rcc.o)
rcc_set_ppre1                                     ../../../../../libopencm3//lib/libopencm3_stm32f1.a(rcc.o)
rcc_set_ppre2                                     ../../../../../libopencm3//lib/libopencm3_stm32f1.a(rcc.o)
rcc_set_prediv1                                   ../../../../../libopencm3//lib/libopencm3_stm32f1.a(rcc.o)
rcc_set_prediv1_source                            ../../../../../libopencm3//lib/libopencm3_stm32f1.a(rcc.o)
rcc_set_prediv2                                   ../../../../../libopencm3//lib/libopencm3_stm32f1.a(rcc.o)
rcc_set_rtc_clock_source                          ../../../../../libopencm3//lib/libopencm3_stm32f1.a(rcc.o)
rcc_set_sysclk_source                             ../../../../../libopencm3//lib/libopencm3_stm32f1.a(rcc.o)
rcc_set_usbpre                                    ../../../../../libopencm3//lib/libopencm3_stm32f1.a(rcc.o)
rcc_system_clock_source                           ../../../../../libopencm3//lib/libopencm3_stm32f1.a(rcc.o)
rcc_wait_for_osc_ready                            ../../../../../libopencm3//lib/libopencm3_stm32f1.a(rcc.o)
reset_handler                                     ../../../../../libopencm3//lib/libopencm3_stm32f1.a(vector.o)
rtc_alarm_isr                                     ../../../../../libopencm3//lib/libopencm3_stm32f1.a(vector.o)
rtc_isr                                           ../../../../../libopencm3//lib/libopencm3_stm32f1.a(vector.o)
sdio_isr                                          ../../../../../libopencm3//lib/libopencm3_stm32f1.a(vector.o)
spi1_isr                                          ../../../../../libopencm3//lib/libopencm3_stm32f1.a(vector.o)
spi2_isr                                          ../../../../../libopencm3//lib/libopencm3_stm32f1.a(vector.o)
spi3_isr                                          ../../../../../libopencm3//lib/libopencm3_stm32f1.a(vector.o)
st_usbfs_copy_from_pm                             ../../../../../libopencm3//lib/libopencm3_stm32f1.a(st_usbfs_v1.o)
                                                  ../../../../../libopencm3//lib/libopencm3_stm32f1.a(st_usbfs_core.o)
st_usbfs_copy_to_pm                               ../../../../../libopencm3//lib/libopencm3_stm32f1.a(st_usbfs_v1.o)
                                                  ../../../../../libopencm3//lib/libopencm3_stm32f1.a(st_usbfs_core.o)
st_usbfs_dev                                      ../../../../../libopencm3//lib/libopencm3_stm32f1.a(st_usbfs_core.o)
                                                  ../../../../../libopencm3//lib/libopencm3_stm32f1.a(st_usbfs_v1.o)
st_usbfs_endpoints_reset                          ../../../../../libopencm3//lib/libopencm3_stm32f1.a(st_usbfs_core.o)
                                                  ../../../../../libopencm3//lib/libopencm3_stm32f1.a(st_usbfs_v1.o)
st_usbfs_ep_nak_set                               ../../../../../libopencm3//lib/libopencm3_stm32f1.a(st_usbfs_core.o)
                                                  ../../../../../libopencm3//lib/libopencm3_stm32f1.a(st_usbfs_v1.o)
st_usbfs_ep_read_packet                           ../../../../../libopencm3//lib/libopencm3_stm32f1.a(st_usbfs_core.o)
                                                  ../../../../../libopencm3//lib/libopencm3_stm32f1.a(st_usbfs_v1.o)
st_usbfs_ep_setup                                 ../../../../../libopencm3//lib/libopencm3_stm32f1.a(st_usbfs_core.o)
                                                  ../../../../../libopencm3//lib/libopencm3_stm32f1.a(st_usbfs_v1.o)
st_usbfs_ep_stall_get                             ../../../../../libopencm3//lib/libopencm3_stm32f1.a(st_usbfs_core.o)
                                                  ../../../../../libopencm3//lib/libopencm3_stm32f1.a(st_usbfs_v1.o)
st_usbfs_ep_stall_set                             ../../../../../libopencm3//lib/libopencm3_stm32f1.a(st_usbfs_core.o)
                                                  ../../../../../libopencm3//lib/libopencm3_stm32f1.a(st_usbfs_v1.o)
st_usbfs_ep_write_packet                          ../../../../../libopencm3//lib/libopencm3_stm32f1.a(st_usbfs_core.o)
                                                  ../../../../../libopencm3//lib/libopencm3_stm32f1.a(st_usbfs_v1.o)
st_usbfs_force_nak                                ../../../../../libopencm3//lib/libopencm3_stm32f1.a(st_usbfs_core.o)
st_usbfs_poll                                     ../../../../../libopencm3//lib/libopencm3_stm32f1.a(st_usbfs_core.o)
                                                  ../../../../../libopencm3//lib/libopencm3_stm32f1.a(st_usbfs_v1.o)
st_usbfs_set_address                              ../../../../../libopencm3//lib/libopencm3_stm32f1.a(st_usbfs_core.o)
                                                  ../../../../../libopencm3//lib/libopencm3_stm32f1.a(st_usbfs_v1.o)
st_usbfs_set_ep_rx_bufsize                        ../../../../../libopencm3//lib/libopencm3_stm32f1.a(st_usbfs_core.o)
st_usbfs_v1_usb_driver                            ../../../../../libopencm3//lib/libopencm3_stm32f1.a(st_usbfs_v1.o)
                                                  cdcacm.o
strlen                                            /home/logic/_workspace/STM32Toolchain/gcc-arm-none-eabi-7-2018-q2-update/bin/../lib/gcc/arm-none-eabi/7.3.1/../../../../arm-none-eabi/lib/thumb/v7-m/libc.a(lib_a-strlen-stub.o)
                                                  ../../../../../libopencm3//lib/libopencm3_stm32f1.a(usb_standard.o)
sv_call_handler                                   ../../../../../libopencm3//lib/libopencm3_stm32f1.a(vector.o)
sys_tick_handler                                  ../../../../../libopencm3//lib/libopencm3_stm32f1.a(vector.o)
tamper_isr                                        ../../../../../libopencm3//lib/libopencm3_stm32f1.a(vector.o)
tim1_brk_isr                                      ../../../../../libopencm3//lib/libopencm3_stm32f1.a(vector.o)
tim1_cc_isr                                       ../../../../../libopencm3//lib/libopencm3_stm32f1.a(vector.o)
tim1_trg_com_isr                                  ../../../../../libopencm3//lib/libopencm3_stm32f1.a(vector.o)
tim1_up_isr                                       ../../../../../libopencm3//lib/libopencm3_stm32f1.a(vector.o)
tim2_isr                                          ../../../../../libopencm3//lib/libopencm3_stm32f1.a(vector.o)
tim3_isr                                          ../../../../../libopencm3//lib/libopencm3_stm32f1.a(vector.o)
tim4_isr                                          ../../../../../libopencm3//lib/libopencm3_stm32f1.a(vector.o)
tim5_isr                                          ../../../../../libopencm3//lib/libopencm3_stm32f1.a(vector.o)
tim6_isr                                          ../../../../../libopencm3//lib/libopencm3_stm32f1.a(vector.o)
tim7_isr                                          ../../../../../libopencm3//lib/libopencm3_stm32f1.a(vector.o)
tim8_brk_isr                                      ../../../../../libopencm3//lib/libopencm3_stm32f1.a(vector.o)
tim8_cc_isr                                       ../../../../../libopencm3//lib/libopencm3_stm32f1.a(vector.o)
tim8_trg_com_isr                                  ../../../../../libopencm3//lib/libopencm3_stm32f1.a(vector.o)
tim8_up_isr                                       ../../../../../libopencm3//lib/libopencm3_stm32f1.a(vector.o)
uart4_isr                                         ../../../../../libopencm3//lib/libopencm3_stm32f1.a(vector.o)
uart5_isr                                         ../../../../../libopencm3//lib/libopencm3_stm32f1.a(vector.o)
usage_fault_handler                               ../../../../../libopencm3//lib/libopencm3_stm32f1.a(vector.o)
usart1_isr                                        ../../../../../libopencm3//lib/libopencm3_stm32f1.a(vector.o)
usart2_isr                                        ../../../../../libopencm3//lib/libopencm3_stm32f1.a(vector.o)
usart3_isr                                        ../../../../../libopencm3//lib/libopencm3_stm32f1.a(vector.o)
usb_hp_can_tx_isr                                 ../../../../../libopencm3//lib/libopencm3_stm32f1.a(vector.o)
usb_lp_can_rx0_isr                                ../../../../../libopencm3//lib/libopencm3_stm32f1.a(vector.o)
usb_wakeup_isr                                    ../../../../../libopencm3//lib/libopencm3_stm32f1.a(vector.o)
usbd_control_buffer                               cdcacm.o
usbd_disconnect                                   ../../../../../libopencm3//lib/libopencm3_stm32f1.a(usb.o)
usbd_ep_nak_set                                   ../../../../../libopencm3//lib/libopencm3_stm32f1.a(usb.o)
                                                  ../../../../../libopencm3//lib/libopencm3_stm32f1.a(usb_control.o)
usbd_ep_read_packet                               ../../../../../libopencm3//lib/libopencm3_stm32f1.a(usb.o)
                                                  ../../../../../libopencm3//lib/libopencm3_stm32f1.a(usb_control.o)
                                                  cdcacm.o
usbd_ep_setup                                     ../../../../../libopencm3//lib/libopencm3_stm32f1.a(usb.o)
                                                  cdcacm.o
usbd_ep_stall_get                                 ../../../../../libopencm3//lib/libopencm3_stm32f1.a(usb.o)
                                                  ../../../../../libopencm3//lib/libopencm3_stm32f1.a(usb_standard.o)
usbd_ep_stall_set                                 ../../../../../libopencm3//lib/libopencm3_stm32f1.a(usb.o)
                                                  ../../../../../libopencm3//lib/libopencm3_stm32f1.a(usb_standard.o)
                                                  ../../../../../libopencm3//lib/libopencm3_stm32f1.a(usb_control.o)
usbd_ep_write_packet                              ../../../../../libopencm3//lib/libopencm3_stm32f1.a(usb.o)
                                                  ../../../../../libopencm3//lib/libopencm3_stm32f1.a(usb_control.o)
                                                  cdcacm.o
usbd_init                                         ../../../../../libopencm3//lib/libopencm3_stm32f1.a(usb.o)
                                                  cdcacm.o
usbd_poll                                         ../../../../../libopencm3//lib/libopencm3_stm32f1.a(usb.o)
                                                  cdcacm.o
usbd_register_control_callback                    ../../../../../libopencm3//lib/libopencm3_stm32f1.a(usb_control.o)
                                                  cdcacm.o
usbd_register_reset_callback                      ../../../../../libopencm3//lib/libopencm3_stm32f1.a(usb.o)
usbd_register_resume_callback                     ../../../../../libopencm3//lib/libopencm3_stm32f1.a(usb.o)
usbd_register_set_altsetting_callback             ../../../../../libopencm3//lib/libopencm3_stm32f1.a(usb_standard.o)
usbd_register_set_config_callback                 ../../../../../libopencm3//lib/libopencm3_stm32f1.a(usb_standard.o)
                                                  cdcacm.o
usbd_register_sof_callback                        ../../../../../libopencm3//lib/libopencm3_stm32f1.a(usb.o)
usbd_register_suspend_callback                    ../../../../../libopencm3//lib/libopencm3_stm32f1.a(usb.o)
vector_table                                      ../../../../../libopencm3//lib/libopencm3_stm32f1.a(vector.o)
wwdg_isr                                          ../../../../../libopencm3//lib/libopencm3_stm32f1.a(vector.o)
